---
source: src/grammar.rs
expression: result
---
start_symbol: S
C ::= 'dc';
A ::= A 'c' | #"cd|Ac";
S ::= 'jk' A | 'ef' S_repeat0_0 | except!(#'dc') | except!(#'c',10) | 'ab' S | #"ef|ab|abc";
S_repeat0_0 ::= S_repeat0_0 B_optional_0_group_0 | B_optional_0_group_0;
B_optional_0_group_0 ::= 'a' B_optional_0_group_0 | 'a';
