---
source: src/parser.rs
expression: result
---
- "\n             single_quote ::= '\\t\\r\\n\\'\\u004C';\n             double_quote ::= \"\\t\\r\\n\\\"\";\n             regex_double_quote ::= #\"\\t\\r\\n\\\"\";\n        "
- - lhs: single_quote
    rhs:
      Terminal: "\t\r\n'L"
  - lhs: double_quote
    rhs:
      Terminal: "\t\r\n\""
  - lhs: regex_double_quote
    rhs:
      RegexString: "\t\r\n\""
